
> nativetalk-frontend@1.2.0 build
> vite build

[36mvite v6.3.3 [32mbuilding for production...[36m[39m
node.exe : [baseline-browser-mapping] The 
data in this module is over two months old.  
To ensure accurate Baseline data, please 
update: `npm i 
baseline-browser-mapping@latest -D`
No linha:1 caractere:1
+ & "C:\Program Files\nodejs/node.exe" 
"C:\Program Files\nodejs/node_mo ...
+ ~~~~~~~~~~~~~~~~~~~~~~~~~~~~~~~~~~~~~~~~~~~~
~~~~~~~~~~~~~~~~~~~~~~~~~
    + CategoryInfo          : NotSpecified: ( 
   [baseline-brows...ping@latest -D`:String)  
   [], RemoteException
    + FullyQualifiedErrorId : NativeCommandEr 
   ror
 
transforming...

­ƒî╝   [35mdaisyUI[39m [2m4.12.24[22m
Ôö£ÔöÇ [32mÔ£ö´©Ä[39m 2 themes added[2m		https://daisyui.com/docs/themes[22m
Ôò░ÔöÇ [32mÔÿà[39m [0mStar daisyUI on GitHub[0m	[2mhttps://github.com/saadeghi/daisyui[22m

[32mÔ£ô[39m 4421 modules transformed.

PWA v0.19.8
mode      generateSW
precache  18 entries (4117.67 KiB)
files generated
  dist/sw.js
  dist/workbox-3896e580.js
[31mÔ£ù[39m Build failed in 13.00s
[31merror during build:
[31m[vite-plugin-pwa:build] There was an 
error during the build:
  node_modules/stream-chat-react/dist/componen
ts/MessageInput/hooks/useMessageComposer.js 
(2:9): "FixedSizeQueueCache" is not exported 
by "node_modules/stream-chat/dist/browser.es.j
s", imported by "node_modules/stream-chat-reac
t/dist/components/MessageInput/hooks/useMessag
eComposer.js".
Additionally, handling the error in the 
'buildEnd' hook caused the following error:
  node_modules/stream-chat-react/dist/componen
ts/MessageInput/hooks/useMessageComposer.js 
(2:9): "FixedSizeQueueCache" is not exported 
by "node_modules/stream-chat/dist/browser.es.j
s", imported by "node_modules/stream-chat-reac
t/dist/components/MessageInput/hooks/useMessag
eComposer.js".[31m
file: [36mC:/Users/Cunae/Downloads/NativeTalk
-master (2)/NativeTalk-master/frontend/node_mo
dules/stream-chat-react/dist/components/Messag
eInput/hooks/useMessageComposer.js:2:9[31m
[33m
1: import { useEffect, useMemo } from 'react';
2: import { FixedSizeQueueCache, 
MessageComposer } from 'stream-chat';
            ^
3: import { useThreadContext } from 
'../../Threads';
4: import { useChannelStateContext, 
useChatContext, useMessageContext, } from 
'../../../context';
[31m
    at getRollupError (file:///C:/Users/Cunae/
Downloads/NativeTalk-master%20(2)/NativeTalk-m
aster/frontend/node_modules/rollup/dist/es/sha
red/parseAst.js:402:41)
    at file:///C:/Users/Cunae/Downloads/Native
Talk-master%20(2)/NativeTalk-master/frontend/n
ode_modules/rollup/dist/es/shared/node-entry.j
s:23467:39
    at async catchUnfinishedHookActions (file:
///C:/Users/Cunae/Downloads/NativeTalk-master%
20(2)/NativeTalk-master/frontend/node_modules/
rollup/dist/es/shared/node-entry.js:22925:16)
    at async rollupInternal (file:///C:/Users/
Cunae/Downloads/NativeTalk-master%20(2)/Native
Talk-master/frontend/node_modules/rollup/dist/
es/shared/node-entry.js:23450:5)
    at async buildEnvironment (file:///C:/User
s/Cunae/Downloads/NativeTalk-master%20(2)/Nati
veTalk-master/frontend/node_modules/vite/dist/
node/chunks/dep-BMIURPaQ.js:46158:14)
    at async Object.defaultBuildApp [as 
buildApp] (file:///C:/Users/Cunae/Downloads/Na
tiveTalk-master%20(2)/NativeTalk-master/fronte
nd/node_modules/vite/dist/node/chunks/dep-BMIU
RPaQ.js:46636:5)
    at async CAC.<anonymous> (file:///C:/Users
/Cunae/Downloads/NativeTalk-master%20(2)/Nativ
eTalk-master/frontend/node_modules/vite/dist/n
ode/cli.js:863:7)[39m
